C:\Users\manvi\OneDrive\Desktop\Projects\Blog-App-main\src\main\java\com\blogapp\services\impl\PostServiceImpl.java
C:\Users\manvi\OneDrive\Desktop\Projects\Blog-App-main\src\main\java\com\blogapp\exceptions\GlobalExceptionHandler.java
C:\Users\manvi\OneDrive\Desktop\Projects\Blog-App-main\src\main\java\com\blogapp\payloads\ApiResponse.java
C:\Users\manvi\OneDrive\Desktop\Projects\Blog-App-main\src\main\java\com\blogapp\payloads\CommentDto.java
C:\Users\manvi\OneDrive\Desktop\Projects\Blog-App-main\src\main\java\com\blogapp\payloads\PostResponse.java
C:\Users\manvi\OneDrive\Desktop\Projects\Blog-App-main\src\main\java\com\blogapp\repositories\UserRepository.java
C:\Users\manvi\OneDrive\Desktop\Projects\Blog-App-main\src\main\java\com\blogapp\repositories\PostRepository.java
C:\Users\manvi\OneDrive\Desktop\Projects\Blog-App-main\src\main\java\com\blogapp\services\CommentService.java
C:\Users\manvi\OneDrive\Desktop\Projects\Blog-App-main\src\main\java\com\blogapp\controllers\CategoryController.java
C:\Users\manvi\OneDrive\Desktop\Projects\Blog-App-main\src\main\java\com\blogapp\payloads\PostDto.java
C:\Users\manvi\OneDrive\Desktop\Projects\Blog-App-main\src\main\java\com\blogapp\entities\Comment.java
C:\Users\manvi\OneDrive\Desktop\Projects\Blog-App-main\src\main\java\com\blogapp\entities\Post.java
C:\Users\manvi\OneDrive\Desktop\Projects\Blog-App-main\src\main\java\com\blogapp\BlogAppApplication.java
C:\Users\manvi\OneDrive\Desktop\Projects\Blog-App-main\src\main\java\com\blogapp\services\impl\CommentServiceImpl.java
C:\Users\manvi\OneDrive\Desktop\Projects\Blog-App-main\src\main\java\com\blogapp\controllers\PostController.java
C:\Users\manvi\OneDrive\Desktop\Projects\Blog-App-main\src\main\java\com\blogapp\services\impl\CategoryServiceImpl.java
C:\Users\manvi\OneDrive\Desktop\Projects\Blog-App-main\src\main\java\com\blogapp\config\SecurityConfig.java
C:\Users\manvi\OneDrive\Desktop\Projects\Blog-App-main\src\main\java\com\blogapp\services\impl\FileServiceImpl.java
C:\Users\manvi\OneDrive\Desktop\Projects\Blog-App-main\src\main\java\com\blogapp\controllers\CommentController.java
C:\Users\manvi\OneDrive\Desktop\Projects\Blog-App-main\src\main\java\com\blogapp\payloads\CategoryDto.java
C:\Users\manvi\OneDrive\Desktop\Projects\Blog-App-main\src\main\java\com\blogapp\entities\User.java
C:\Users\manvi\OneDrive\Desktop\Projects\Blog-App-main\src\main\java\com\blogapp\services\impl\UserServiceImpl.java
C:\Users\manvi\OneDrive\Desktop\Projects\Blog-App-main\src\main\java\com\blogapp\services\FileService.java
C:\Users\manvi\OneDrive\Desktop\Projects\Blog-App-main\src\main\java\com\blogapp\services\CategoryService.java
C:\Users\manvi\OneDrive\Desktop\Projects\Blog-App-main\src\main\java\com\blogapp\exceptions\ResourceNotFoundException.java
C:\Users\manvi\OneDrive\Desktop\Projects\Blog-App-main\src\main\java\com\blogapp\repositories\CommentRepository.java
C:\Users\manvi\OneDrive\Desktop\Projects\Blog-App-main\src\main\java\com\blogapp\entities\Category.java
C:\Users\manvi\OneDrive\Desktop\Projects\Blog-App-main\src\main\java\com\blogapp\services\UserService.java
C:\Users\manvi\OneDrive\Desktop\Projects\Blog-App-main\src\main\java\com\blogapp\repositories\CategoryRepository.java
C:\Users\manvi\OneDrive\Desktop\Projects\Blog-App-main\src\main\java\com\blogapp\config\AppConstants.java
C:\Users\manvi\OneDrive\Desktop\Projects\Blog-App-main\src\main\java\com\blogapp\controllers\UserController.java
C:\Users\manvi\OneDrive\Desktop\Projects\Blog-App-main\src\main\java\com\blogapp\services\PostService.java
C:\Users\manvi\OneDrive\Desktop\Projects\Blog-App-main\src\main\java\com\blogapp\payloads\UserDto.java
